TAP version 13
# Subtest: test/correction-log.test.js
ok 1 - test/correction-log.test.js
  ---
  duration_ms: 883.212105
  type: 'test'
  ...
1..1
# tests 1
# suites 0
# pass 1
# fail 0
# cancelled 0
# skipped 0
# todo 0
# duration_ms 961.312538
